[www.dominos.co.in-freebies.club/index.html]
[backblue.gif]
[fade.gif]
[index.html]
[www.dominos.co.in-freebies.club/dominos_logo.gif]
[www.dominos.co.in-freebies.club/bundles/common76cb.css]
[www.dominos.co.in-freebies.club/bundles/voucher_main_style0cee.css]
[www.dominos.co.in-freebies.club/bundles/voucher_layout_layout-products0cee.css]
[www.dominos.co.in-freebies.club/bundles/voucher_color_white7c56.css]
[www.dominos.co.in-freebies.club/bundles/voucher_brand_tesco90a7.css]
[www.dominos.co.in-freebies.club/dominos.png]
[www.dominos.co.in-freebies.club/dominos_pizza.png]
[i.imgur.com/QiCoeUe.png]
[randomuser.me/api/portraits/men/7.jpg]
[randomuser.me/api/portraits/women/20.jpg]
[randomuser.me/api/portraits/men/89.jpg]
[randomuser.me/api/portraits/men/23.jpg]
[randomuser.me/api/portraits/women/61.jpg]
[i.imgur.com/RxS8FXk.png]
[i.imgur.com/geNBckx.png]
[i.imgur.com/FUwlTOP.png]
[i.imgur.com/GZYJfg1.png]
[i.imgur.com/removed.png]
[ajax.googleapis.com/ajax/libs/jquery/1.11.3/jquery.min.js]
[www.dominos.co.in-freebies.club/bundles/custom.min.js]
[www.dominos.co.in-freebies.club/bundles/voucherf0c9.js]
[www.dominos.co.in-freebies.club/index.html]
[www.dominos.co.in-freebies.club/bundles/common76cb.css]
[i.imgur.com/Nz0GW7P.png]
[www.dominos.co.in-freebies.club/bundles/voucher_main_style0cee.css]
[www.dominos.co.in-freebies.club/bundles/9eeec628/images/woolworths/menu.png]
[www.dominos.co.in-freebies.club/bundles/9eeec628/images/woolworths/basket.png]
[www.dominos.co.in-freebies.club/bundles/voucher_layout_layout-products0cee.css]
[www.dominos.co.in-freebies.club/bundles/9eeec628/images/woolworths/invalid.png]
[www.dominos.co.in-freebies.club/bundles/9eeec628/images/woolworths/valid.png]
[www.dominos.co.in-freebies.club/bundles/voucher_color_white7c56.css]
[www.dominos.co.in-freebies.club/bundles/voucher_brand_tesco90a7.css]
[www.dominos.co.in-freebies.club/bundles/custom.min.js]
[www.dominos.co.in-freebies.club/bundles/9eeec628/images/woolworths/menu.html]
[www.dominos.co.in-freebies.club/bundles/9eeec628/images/woolworths/basket.html]
[www.dominos.co.in-freebies.club/bundles/9eeec628/images/woolworths/invalid.html]
[www.dominos.co.in-freebies.club/bundles/9eeec628/images/woolworths/valid.html]
